// Jest Snapshot v1, https://goo.gl/fbAQLP

exports[`feeByTimeOfDay calculates tool fees for different hours 1`] = `
Array [
  Object {
    "fee": 0,
    "hour": 2018-01-01T00:00:00.000Z,
  },
  Object {
    "fee": 0,
    "hour": 2018-01-01T00:30:00.000Z,
  },
  Object {
    "fee": 0,
    "hour": 2018-01-01T01:00:00.000Z,
  },
  Object {
    "fee": 0,
    "hour": 2018-01-01T01:30:00.000Z,
  },
  Object {
    "fee": 0,
    "hour": 2018-01-01T02:00:00.000Z,
  },
  Object {
    "fee": 0,
    "hour": 2018-01-01T02:30:00.000Z,
  },
  Object {
    "fee": 0,
    "hour": 2018-01-01T03:00:00.000Z,
  },
  Object {
    "fee": 0,
    "hour": 2018-01-01T03:30:00.000Z,
  },
  Object {
    "fee": 0,
    "hour": 2018-01-01T04:00:00.000Z,
  },
  Object {
    "fee": 0,
    "hour": 2018-01-01T04:30:00.000Z,
  },
  Object {
    "fee": 0,
    "hour": 2018-01-01T05:00:00.000Z,
  },
  Object {
    "fee": 0,
    "hour": 2018-01-01T05:30:00.000Z,
  },
  Object {
    "fee": 8,
    "hour": 2018-01-01T06:00:00.000Z,
  },
  Object {
    "fee": 13,
    "hour": 2018-01-01T06:30:00.000Z,
  },
  Object {
    "fee": 18,
    "hour": 2018-01-01T07:00:00.000Z,
  },
  Object {
    "fee": 18,
    "hour": 2018-01-01T07:30:00.000Z,
  },
  Object {
    "fee": 13,
    "hour": 2018-01-01T08:00:00.000Z,
  },
  Object {
    "fee": 8,
    "hour": 2018-01-01T08:30:00.000Z,
  },
  Object {
    "fee": 0,
    "hour": 2018-01-01T09:00:00.000Z,
  },
  Object {
    "fee": 8,
    "hour": 2018-01-01T09:30:00.000Z,
  },
  Object {
    "fee": 0,
    "hour": 2018-01-01T10:00:00.000Z,
  },
  Object {
    "fee": 8,
    "hour": 2018-01-01T10:30:00.000Z,
  },
  Object {
    "fee": 0,
    "hour": 2018-01-01T11:00:00.000Z,
  },
  Object {
    "fee": 8,
    "hour": 2018-01-01T11:30:00.000Z,
  },
  Object {
    "fee": 0,
    "hour": 2018-01-01T12:00:00.000Z,
  },
  Object {
    "fee": 8,
    "hour": 2018-01-01T12:30:00.000Z,
  },
  Object {
    "fee": 0,
    "hour": 2018-01-01T13:00:00.000Z,
  },
  Object {
    "fee": 8,
    "hour": 2018-01-01T13:30:00.000Z,
  },
  Object {
    "fee": 0,
    "hour": 2018-01-01T14:00:00.000Z,
  },
  Object {
    "fee": 8,
    "hour": 2018-01-01T14:30:00.000Z,
  },
  Object {
    "fee": 13,
    "hour": 2018-01-01T15:00:00.000Z,
  },
  Object {
    "fee": 18,
    "hour": 2018-01-01T15:30:00.000Z,
  },
  Object {
    "fee": 18,
    "hour": 2018-01-01T16:00:00.000Z,
  },
  Object {
    "fee": 18,
    "hour": 2018-01-01T16:30:00.000Z,
  },
  Object {
    "fee": 13,
    "hour": 2018-01-01T17:00:00.000Z,
  },
  Object {
    "fee": 13,
    "hour": 2018-01-01T17:30:00.000Z,
  },
  Object {
    "fee": 8,
    "hour": 2018-01-01T18:00:00.000Z,
  },
  Object {
    "fee": 0,
    "hour": 2018-01-01T18:30:00.000Z,
  },
  Object {
    "fee": 0,
    "hour": 2018-01-01T19:00:00.000Z,
  },
  Object {
    "fee": 0,
    "hour": 2018-01-01T19:30:00.000Z,
  },
  Object {
    "fee": 0,
    "hour": 2018-01-01T20:00:00.000Z,
  },
  Object {
    "fee": 0,
    "hour": 2018-01-01T20:30:00.000Z,
  },
  Object {
    "fee": 0,
    "hour": 2018-01-01T21:00:00.000Z,
  },
  Object {
    "fee": 0,
    "hour": 2018-01-01T21:30:00.000Z,
  },
  Object {
    "fee": 0,
    "hour": 2018-01-01T22:00:00.000Z,
  },
  Object {
    "fee": 0,
    "hour": 2018-01-01T22:30:00.000Z,
  },
  Object {
    "fee": 0,
    "hour": 2018-01-01T23:00:00.000Z,
  },
  Object {
    "fee": 0,
    "hour": 2018-01-01T23:30:00.000Z,
  },
]
`;
